HI-TECH Software C Compiler 

Linker command line:

--edf=C:\Program Files (x86)\HI-TECH Software\PICC\9.83\dat\en_msgs.txt -cs \
  -h+LCD.sym -z -Q16F877 -ol.obj -MLCD.map -E1 -ACONST=00h-0FFhx32 \
  -ACODE=00h-07FFhx4 -ASTRCODE=00h-01FFFh -AENTRY=00h-0FFhx32 \
  -ASTRING=00h-0FFhx32 -ABANK0=020h-06Fh -ABANK1=0A0h-0EFh \
  -ABANK2=0110h-016Fh -ABANK3=0190h-01EFh \
  -ARAM=020h-06Fh,0A0h-0EFh,0110h-016Fh,0190h-01EFh \
  -AABS1=020h-07Fh,0A0h-0EFh,0110h-016Fh,0190h-01EFh -ACOMMON=070h-07Fh \
  -ASFR0=00h-01Fh -ASFR1=080h-09Fh -ASFR2=0100h-010Fh -ASFR3=0180h-018Fh \
  -preset_vec=00h,intentry,init,end_init -ppowerup=CODE -pfunctab=CODE \
  -ACONFIG=02007h-02007h -pconfig=CONFIG -DCONFIG=2 -AIDLOC=02000h-02003h \
  -pidloc=IDLOC -DIDLOC=2 -AEEDATA=00h-0FFh/02100h -peeprom_data=EEDATA \
  -DEEDATA=2 -DCODE=2 -DSTRCODE=2 -DSTRING=2 -DCONST=2 -DENTRY=2 -k \
  startup.obj LCD.obj 

Object code version is 3.10

Machine type is 16F877



                Name                               Link     Load   Length Selector   Space Scale
startup.obj     end_init                              0        0        3        0       0
LCD.obj         config                             2007     2007        1     400E       0
                text254                             5BE      5BE      242      B7C       0
                maintext                            57B      57B       43      AF6       0
                cstackCOMMON                         70       70        D       70       1
                inittext                            52A      52A       11      A54       0
                dataBANK0                            20       20       40       20       1
                cinit                               51A      51A       10      A34       0
                strings                               3        3       22        6       0
                idataBANK0                          53B      53B       40      A76       0

TOTAL           Name                               Link     Load   Length     Space
        CLASS   CONST          

        CLASS   CODE           
                end_init                              0        0        3         0
                text254                             5BE      5BE      242         0
                maintext                            57B      57B       43         0
                inittext                            52A      52A       11         0
                cinit                               51A      51A       10         0
                idataBANK0                          53B      53B       40         0

        CLASS   STRCODE        

        CLASS   ENTRY          

        CLASS   STRING         
                strings                               3        3       22         0

        CLASS   BANK0          
                dataBANK0                            20       20       40         1

        CLASS   BANK1          

        CLASS   BANK2          

        CLASS   BANK3          

        CLASS   RAM            

        CLASS   ABS1           
                abs_s1                               7E       7E        2         1

        CLASS   COMMON         
                cstackCOMMON                         70       70        D         1

        CLASS   SFR0           

        CLASS   SFR1           

        CLASS   SFR2           

        CLASS   SFR3           

        CLASS   CONFIG         
                config                             2007     2007        1         0

        CLASS   IDLOC          

        CLASS   EEDATA         



SEGMENTS        Name                           Load    Length   Top    Selector   Space  Class     Delta

                reset_vec                      000000  000003  000003         0       0  CODE        2
                strings                        000003  000022  000025         6       0  STRING      2
                dataBANK0                      000020  000040  000060        20       1  BANK0       1
                cstackCOMMON                   000070  00000D  00007D        70       1  COMMON      1
                cinit                          00051A  000010  00052A       A34       0  CODE        2
                inittext                       00052A  000011  00053B       A54       0  CODE        2
                idataBANK0                     00053B  000040  00057B       A76       0  CODE        2
                maintext                       00057B  000043  0005BE       AF6       0  CODE        2
                text254                        0005BE  000242  000800       B7C       0  CODE        2
                config                         002007  000001  002008      400E       0  CONFIG      2


UNUSED ADDRESS RANGES

        Name                Unused          Largest block    Delta
        BANK0            0060-006F             10           1
        BANK1            00A0-00EF             50           1
        BANK2            0110-016F             60           1
        BANK3            0190-01EF             60           1
        CODE             0025-0519            4F5           2
                         0800-1FFF            800
        COMMON           007D-007D              1           1
        CONST            0025-0519            100           2
                         0800-1FFF            100
        EEDATA           2100-21FF            100           2
        ENTRY            0025-0519            100           2
                         0800-1FFF            100
        IDLOC            2000-2003              4           2
        RAM              0060-006F             10           1
                         00A0-00EF             50
                         0110-016F             60
                         0190-01EF             60
        SFR0             0000-001F             20           1
        SFR1             0080-009F             20           1
        SFR2             0100-010F             10           1
        SFR3             0180-018F             10           1
        STRCODE          0025-0519            4F5           2
                         0800-1FFF           1800
        STRING           0025-0519            100           2
                         0800-1FFF            100

                                  Symbol Table

??_GotoYXPositionOnLCD               cstackCOMMON 0074
??_InitLCD                           cstackCOMMON 0077
??_LCDIsBusy                         cstackCOMMON 0072
??_LCD_Char_build                    cstackCOMMON 0074
??_ReadLCDAddressCounter             cstackCOMMON 0072
??_ScrollLCD                         cstackCOMMON 0075
??_Write4BitValueToDataBus           cstackCOMMON 0070
??_Write4BitValueToDataDirBus        cstackCOMMON 0070
??_WriteCommandToLCD                 cstackCOMMON 0072
??_WriteDataToLCD                    cstackCOMMON 0072
??_WriteStringToLCD                  cstackCOMMON 0076
??_main                              cstackCOMMON 007A
?_GotoYXPositionOnLCD                cstackCOMMON 0073
?_InitLCD                            cstackCOMMON 0070
?_LCDIsBusy                          cstackCOMMON 0070
?_LCD_Char_build                     cstackCOMMON 0073
?_ReadLCDAddressCounter              cstackCOMMON 0070
?_ScrollLCD                          cstackCOMMON 0073
?_Write4BitValueToDataBus            cstackCOMMON 0070
?_Write4BitValueToDataDirBus         cstackCOMMON 0070
?_WriteCommandToLCD                  cstackCOMMON 0070
?_WriteDataToLCD                     cstackCOMMON 0070
?_WriteStringToLCD                   cstackCOMMON 0070
?_main                               cstackCOMMON 0070
GotoYXPositionOnLCD@LineNumber       cstackCOMMON 0075
GotoYXPositionOnLCD@OFFSET           cstackCOMMON 0073
LCD_Char_build@i                     cstackCOMMON 0076
LCD_Char_build@location              cstackCOMMON 0075
LCD_Char_build@ptr                   cstackCOMMON 0073
ReadLCDAddressCounter@AddressCounter cstackCOMMON 0072
ScrollLCD@ByHowMuch                  cstackCOMMON 0074
ScrollLCD@RightOrLeft                cstackCOMMON 0073
ScrollLCD@ScreenOrCursor             cstackCOMMON 0077
ScrollLCD@i                          cstackCOMMON 0078
Write4BitValueToDataBus@Data         cstackCOMMON 0071
Write4BitValueToDataDirBus@DataDir   cstackCOMMON 0071
WriteCommandToLCD@Command            cstackCOMMON 0072
WriteDataToLCD@LCDChar               cstackCOMMON 0072
WriteStringToLCD@LCD_DDRAM_Address   cstackCOMMON 0076
WriteStringToLCD@s                   cstackCOMMON 0078
_CustomCharacter1                    dataBANK0    0020
_CustomCharacter2                    dataBANK0    0028
_CustomCharacter3                    dataBANK0    0030
_CustomCharacter4                    dataBANK0    0038
_CustomCharacter5                    dataBANK0    0040
_CustomCharacter6                    dataBANK0    0048
_CustomCharacter7                    dataBANK0    0050
_CustomCharacter8                    dataBANK0    0058
_GotoYXPositionOnLCD                 text254      072A
_InitLCD                             text254      05D9
_LCDIsBusy                           text254      07BB
_LCD_Char_build                      text254      0682
_RB0                                 (abs)        0030
_RB1                                 (abs)        0031
_RB2                                 (abs)        0032
_RB4                                 (abs)        0034
_RB5                                 (abs)        0035
_RB6                                 (abs)        0036
_RB7                                 (abs)        0037
_ReadLCDAddressCounter               text254      0736
_ScrollLCD                           text254      05BE
_TRISB0                              (abs)        0430
_TRISB1                              (abs)        0431
_TRISB2                              (abs)        0432
_TRISB4                              (abs)        0434
_TRISB5                              (abs)        0435
_TRISB6                              (abs)        0436
_TRISB7                              (abs)        0437
_Write4BitValueToDataBus             text254      06CA
_Write4BitValueToDataDirBus          text254      076B
_WriteCommandToLCD                   text254      06A4
_WriteDataToLCD                      text254      0795
_WriteStringToLCD                    text254      06F4
__Habs1                              abs1         0000
__Hbank0                             bank0        0000
__Hbank1                             bank1        0000
__Hbank2                             bank2        0000
__Hbank3                             bank3        0000
__Hcinit                             cinit        0000
__Hclrtext                           clrtext      0000
__Hcode                              code         0000
__Hcommon                            common       0000
__Hconfig                            config       2008
__HcstackCOMMON                      cstackCOMMON 0000
__HdataBANK0                         dataBANK0    0000
__Heeprom_data                       eeprom_data  0000
__Hend_init                          end_init     0003
__Hfunctab                           functab      0000
__HidataBANK0                        idataBANK0   0000
__Hidloc                             idloc        0000
__Hinit                              init         0000
__Hinittext                          inittext     0000
__Hintentry                          intentry     0000
__Hmaintext                          maintext     0000
__Hpa_nodes                          pa_nodes     0000
__Hpowerup                           powerup      0000
__Hram                               ram          0000
__Hreset_vec                         reset_vec    0000
__Hsfr0                              sfr0         0000
__Hsfr1                              sfr1         0000
__Hsfr2                              sfr2         0000
__Hsfr3                              sfr3         0000
__Hstrings                           strings      0000
__Htext                              text         0000
__Labs1                              abs1         0000
__Lbank0                             bank0        0000
__Lbank1                             bank1        0000
__Lbank2                             bank2        0000
__Lbank3                             bank3        0000
__Lcinit                             cinit        0000
__Lclrtext                           clrtext      0000
__Lcode                              code         0000
__Lcommon                            common       0000
__Lconfig                            config       2007
__LcstackCOMMON                      cstackCOMMON 0000
__LdataBANK0                         dataBANK0    0000
__Leeprom_data                       eeprom_data  0000
__Lend_init                          end_init     0000
__Lfunctab                           functab      0000
__LidataBANK0                        idataBANK0   0000
__Lidloc                             idloc        0000
__Linit                              init         0000
__Linittext                          inittext     0000
__Lintentry                          intentry     0000
__Lmaintext                          maintext     0000
__Lpa_nodes                          pa_nodes     0000
__Lpowerup                           powerup      0000
__Lram                               ram          0000
__Lreset_vec                         reset_vec    0000
__Lsfr0                              sfr0         0000
__Lsfr1                              sfr1         0000
__Lsfr2                              sfr2         0000
__Lsfr3                              sfr3         0000
__Lstrings                           strings      0000
__Ltext                              text         0000
__S0                                 (abs)        2008
__S1                                 (abs)        007D
__S2                                 (abs)        0000
__end_of_GotoYXPositionOnLCD         text254      0736
__end_of_InitLCD                     text254      0682
__end_of_LCDIsBusy                   text254      07EC
__end_of_LCD_Char_build              text254      06A4
__end_of_ReadLCDAddressCounter       text254      076B
__end_of_ScrollLCD                   text254      05D9
__end_of_Write4BitValueToDataBus     text254      06F4
__end_of_Write4BitValueToDataDirBus  text254      0795
__end_of_WriteCommandToLCD           text254      06CA
__end_of_WriteDataToLCD              text254      07BB
__end_of_WriteStringToLCD            text254      072A
__end_of_main                        maintext     05BE
__pcstackCOMMON                      cstackCOMMON 0070
__pdataBANK0                         dataBANK0    0020
__pidataBANK0                        idataBANK0   053B
__pmaintext                          maintext     057B
__pstrings                           strings      0003
__ptext252                           text254      06F4
__ptext253                           text254      05D9
__ptext254                           text254      05BE
__ptext255                           text254      072A
__ptext256                           text254      0682
__ptext257                           text254      0795
__ptext258                           text254      06A4
__ptext259                           text254      0736
__ptext260                           text254      07BB
__ptext261                           text254      076B
__ptext262                           text254      06CA
__ptext263                           text263      0000
__size_of_GotoYXPositionOnLCD        (abs)        0000
__size_of_InitLCD                    (abs)        0000
__size_of_LCDIsBusy                  (abs)        0000
__size_of_LCD_Char_build             (abs)        0000
__size_of_ReadLCDAddressCounter      (abs)        0000
__size_of_ScrollLCD                  (abs)        0000
__size_of_Write4BitValueToDataBus    (abs)        0000
__size_of_Write4BitValueToDataDirBus (abs)        0000
__size_of_WriteCommandToLCD          (abs)        0000
__size_of_WriteDataToLCD             (abs)        0000
__size_of_WriteStringToLCD           (abs)        0000
__size_of_main                       (abs)        0000
_exit                                init         0000
_main                                maintext     057B
btemp                                (abs)        007E
end_of_initialization                cinit        0526
init_fetch                           inittext     052A
init_ram                             inittext     052E
intlevel0                            functab      0000
intlevel1                            functab      0000
intlevel2                            functab      0000
intlevel3                            functab      0000
intlevel4                            functab      0000
intlevel5                            functab      0000
l2691                                                 
l2695                                                 
l2699                                                 
l2701                                                 
l2703                                                 
l2705                                                 
l2707                                                 
l2709                                                 
l2713                                                 
l2717                                                 
l2719                                                 
l2721                                                 
l2725                                                 
l2727                                                 
l2729                                                 
l2731                                                 
l2733                                                 
l2735                                                 
l2737                                                 
l2739                                                 
l2741                                                 
l2743                                                 
l2745                                                 
l2747                                                 
l2749                                                 
l2751                                                 
l2753                                                 
l2755                                                 
l2757                                                 
l2759                                                 
l2763                                                 
l2767                                                 
l2769                                                 
l2771                                                 
l2773                                                 
l2775                                                 
l2777                                                 
l2779                                                 
l2781                                                 
l2783                                                 
l2785                                                 
l2789                                                 
l2791                                                 
l2793                                                 
l2795                                                 
l2797                                                 
l2799                                                 
l2801                                                 
l2803                                                 
l2805                                                 
l2807                                                 
l2811                                                 
l2819                                                 
l2821                                                 
l2825                                                 
l2827                                                 
l2831                                                 
l2835                                                 
l2837                                                 
l2839                                                 
l2841                                                 
l2843                                                 
l2845                                                 
l2847                                                 
l2849                                                 
l2851                                                 
l2853                                                 
l2855                                                 
l2857                                                 
l2859                                                 
l2861                                                 
l2863                                                 
l2865                                                 
l2867                                                 
l2869                                                 
l2871                                                 
l2873                                                 
l2875                                                 
l2877                                                 
l2879                                                 
l2881                                                 
l2883                                                 
l2885                                                 
l2887                                                 
l2889                                                 
l2891                                                 
l2893                                                 
l2895                                                 
l2897                                                 
l2899                                                 
l2901                                                 
l2903                                                 
l2905                                                 
l2907                                                 
l2909                                                 
l2911                                                 
l2925                                                 
l2933                                                 
l2935                                                 
l2937                                                 
l2939                                                 
l2941                                                 
l2945                                                 
l674                                                  
l680                                                  
l683                                                  
l693                                                  
l699                                                  
l718                                                  
l721                                                  
l727                                                  
l730                                                  
l736                                                  
reset_vec                            reset_vec    0000
start                                init         0000
start_initialization                 cinit        051A
wtemp0                               (abs)        007E
